feb 24, 2025 11:56:48 A. M. com.mycompany.sistemanominas.Dni valueOf
ADVERTENCIA: Formato del DNI incorrecto
feb 24, 2025 12:04:24 P. M. com.mycompany.sistemanominas.AppNominas main
ADVERTENCIA: opcion selecionada 1
feb 24, 2025 12:04:37 P. M. com.mycompany.sistemanominas.Dni valueOf
ADVERTENCIA: Formato del DNI incorrecto
feb 24, 2025 1:06:50 P. M. com.mycompany.sistemanominas.AppNominas main
ADVERTENCIA: opcion selecionada 0
mar 26, 2025 3:48:41 P. M. com.mycompany.sistemanominas.AppNominas main
WARNING: opcion selecionada 0
mar 31, 2025 11:54:42 A. M. com.mycompany.sistemanominas.AppNominas main
ADVERTENCIA: opcion selecionada 1
mar 31, 2025 11:55:19 A. M. com.mycompany.sistemanominas.AppNominas main
ADVERTENCIA: opcion selecionada 9
mar 31, 2025 11:55:34 A. M. com.mycompany.sistemanominas.AppNominas main
ADVERTENCIA: opcion selecionada 0
mar 31, 2025 11:57:28 A. M. com.mycompany.sistemanominas.AppNominas main
ADVERTENCIA: opcion selecionada 1
mar 31, 2025 11:58:50 A. M. com.mycompany.sistemanominas.AppNominas main
ADVERTENCIA: opcion selecionada 1
mar 31, 2025 11:59:06 A. M. com.mycompany.sistemanominas.AppNominas main
ADVERTENCIA: opcion selecionada 9
mar 31, 2025 11:59:35 A. M. com.mycompany.sistemanominas.AppNominas main
ADVERTENCIA: opcion selecionada 0
mar 31, 2025 12:08:57 P. M. com.mycompany.sistemanominas.AppNominas main
ADVERTENCIA: opcion selecionada 10
mar 31, 2025 12:17:08 P. M. com.mycompany.sistemanominas.AppNominas main
ADVERTENCIA: opcion selecionada 1
mar 31, 2025 12:18:31 P. M. com.mycompany.sistemanominas.AppNominas main
ADVERTENCIA: opcion selecionada 2
mar 31, 2025 12:19:10 P. M. com.mycompany.sistemanominas.AppNominas main
ADVERTENCIA: opcion selecionada 9
mar 31, 2025 12:19:45 P. M. com.mycompany.sistemanominas.AppNominas main
ADVERTENCIA: opcion selecionada 10
mar 31, 2025 12:21:26 P. M. com.mycompany.sistemanominas.AppNominas main
ADVERTENCIA: opcion selecionada 0
mar 31, 2025 12:33:05 P. M. com.mycompany.sistemanominas.AppNominas main
ADVERTENCIA: opcion selecionada 10
mar 31, 2025 12:33:52 P. M. com.mycompany.sistemanominas.AppNominas main
ADVERTENCIA: opcion selecionada 6
mar 31, 2025 12:34:01 P. M. com.mycompany.sistemanominas.AppNominas main
ADVERTENCIA: opcion selecionada 9
mar 31, 2025 12:46:03 P. M. com.mycompany.sistemanominas.AppNominas main
ADVERTENCIA: opcion selecionada 0
mar 31, 2025 12:47:37 P. M. com.mycompany.sistemanominas.AppNominas main
ADVERTENCIA: opcion selecionada 10
mar 31, 2025 12:48:25 P. M. com.mycompany.sistemanominas.AppNominas main
ADVERTENCIA: opcion selecionada 10
mar 31, 2025 12:49:09 P. M. com.mycompany.sistemanominas.AppNominas main
ADVERTENCIA: opcion selecionada 9
mar 31, 2025 12:52:39 P. M. com.mycompany.sistemanominas.AppNominas main
ADVERTENCIA: opcion selecionada 10
mar 31, 2025 12:52:50 P. M. com.mycompany.sistemanominas.AppNominas main
ADVERTENCIA: opcion selecionada 9
mar 31, 2025 12:53:18 P. M. com.mycompany.sistemanominas.AppNominas main
ADVERTENCIA: opcion selecionada 0
mar 31, 2025 12:55:33 P. M. com.mycompany.sistemanominas.AppNominas main
ADVERTENCIA: opcion selecionada 10
mar 31, 2025 12:55:42 P. M. com.mycompany.sistemanominas.AppNominas main
ADVERTENCIA: opcion selecionada 9
abr 01, 2025 12:19:32 P. M. com.mycompany.sistemanominas.AppNominas main
ADVERTENCIA: opcion selecionada 10
abr 01, 2025 12:20:37 P. M. com.mycompany.sistemanominas.AppNominas main
ADVERTENCIA: opcion selecionada 9
abr 01, 2025 12:23:50 P. M. com.mycompany.sistemanominas.AppNominas main
ADVERTENCIA: opcion selecionada 10
abr 01, 2025 12:25:16 P. M. com.mycompany.sistemanominas.AppNominas main
ADVERTENCIA: opcion selecionada 9
abr 01, 2025 12:25:32 P. M. com.mycompany.sistemanominas.AppNominas main
ADVERTENCIA: opcion selecionada 8
abr 01, 2025 12:28:41 P. M. com.mycompany.sistemanominas.AppNominas main
ADVERTENCIA: opcion selecionada 8
abr 01, 2025 12:29:08 P. M. com.mycompany.sistemanominas.AppNominas main
ADVERTENCIA: opcion selecionada 0
abr 01, 2025 12:29:13 P. M. com.mycompany.sistemanominas.AppNominas main
ADVERTENCIA: opcion selecionada 8
abr 01, 2025 12:32:20 P. M. com.mycompany.sistemanominas.AppNominas main
ADVERTENCIA: opcion selecionada 9
abr 01, 2025 12:39:44 P. M. com.mycompany.sistemanominas.AppNominas main
ADVERTENCIA: opcion selecionada 0
abr 01, 2025 12:40:08 P. M. com.mycompany.sistemanominas.AppNominas main
ADVERTENCIA: opcion selecionada 1
abr 01, 2025 12:40:48 P. M. com.mycompany.sistemanominas.AppNominas main
ADVERTENCIA: opcion selecionada 2
abr 01, 2025 12:41:30 P. M. com.mycompany.sistemanominas.AppNominas main
ADVERTENCIA: opcion selecionada 10
abr 01, 2025 12:41:51 P. M. com.mycompany.sistemanominas.AppNominas main
ADVERTENCIA: opcion selecionada 9
abr 01, 2025 12:42:23 P. M. com.mycompany.sistemanominas.AppNominas main
ADVERTENCIA: opcion selecionada 5
abr 01, 2025 12:42:42 P. M. com.mycompany.sistemanominas.AppNominas main
ADVERTENCIA: opcion selecionada 6
abr 01, 2025 12:42:47 P. M. com.mycompany.sistemanominas.AppNominas main
ADVERTENCIA: opcion selecionada 1
abr 01, 2025 12:43:25 P. M. com.mycompany.sistemanominas.AppNominas main
ADVERTENCIA: opcion selecionada 2
abr 01, 2025 12:44:04 P. M. com.mycompany.sistemanominas.AppNominas main
ADVERTENCIA: opcion selecionada 6
abr 01, 2025 12:44:45 P. M. com.mycompany.sistemanominas.AppNominas main
ADVERTENCIA: opcion selecionada 10
abr 01, 2025 12:44:58 P. M. com.mycompany.sistemanominas.AppNominas main
ADVERTENCIA: opcion selecionada 6
abr 01, 2025 12:45:16 P. M. com.mycompany.sistemanominas.AppNominas main
ADVERTENCIA: opcion selecionada 1
abr 01, 2025 12:46:21 P. M. com.mycompany.sistemanominas.AppNominas main
ADVERTENCIA: opcion selecionada 2
abr 01, 2025 12:46:48 P. M. com.mycompany.sistemanominas.AppNominas main
ADVERTENCIA: opcion selecionada 6
abr 01, 2025 12:46:58 P. M. com.mycompany.sistemanominas.AppNominas main
ADVERTENCIA: opcion selecionada 9
abr 01, 2025 12:47:14 P. M. com.mycompany.sistemanominas.AppNominas main
ADVERTENCIA: opcion selecionada 10
abr 01, 2025 12:48:14 P. M. com.mycompany.sistemanominas.AppNominas main
ADVERTENCIA: opcion selecionada 9
abr 01, 2025 12:49:39 P. M. com.mycompany.sistemanominas.AppNominas main
ADVERTENCIA: opcion selecionada 6
abr 01, 2025 12:52:30 P. M. com.mycompany.sistemanominas.AppNominas main
ADVERTENCIA: opcion selecionada 0
abr 01, 2025 12:53:17 P. M. com.mycompany.sistemanominas.AppNominas main
ADVERTENCIA: opcion selecionada 1
abr 01, 2025 12:53:31 P. M. com.mycompany.sistemanominas.AppNominas main
ADVERTENCIA: opcion selecionada 2
abr 01, 2025 12:53:56 P. M. com.mycompany.sistemanominas.AppNominas main
ADVERTENCIA: opcion selecionada 6
abr 01, 2025 12:54:24 P. M. com.mycompany.sistemanominas.AppNominas main
ADVERTENCIA: opcion selecionada 2
abr 01, 2025 12:54:49 P. M. com.mycompany.sistemanominas.AppNominas main
ADVERTENCIA: opcion selecionada 6
abr 01, 2025 12:55:05 P. M. com.mycompany.sistemanominas.AppNominas main
ADVERTENCIA: opcion selecionada 0
abr 01, 2025 12:55:55 P. M. com.mycompany.sistemanominas.AppNominas main
ADVERTENCIA: opcion selecionada 0
abr 01, 2025 12:58:28 P. M. com.mycompany.sistemanominas.AppNominas main
ADVERTENCIA: opcion selecionada 6
abr 01, 2025 12:58:33 P. M. com.mycompany.sistemanominas.AppNominas main
ADVERTENCIA: opcion selecionada 1
abr 01, 2025 12:58:48 P. M. com.mycompany.sistemanominas.AppNominas main
ADVERTENCIA: opcion selecionada 2
abr 01, 2025 12:59:23 P. M. com.mycompany.sistemanominas.AppNominas main
ADVERTENCIA: opcion selecionada 6
abr 01, 2025 12:59:42 P. M. com.mycompany.sistemanominas.AppNominas main
ADVERTENCIA: opcion selecionada 2
abr 01, 2025 1:00:09 P. M. com.mycompany.sistemanominas.AppNominas main
ADVERTENCIA: opcion selecionada 6
abr 01, 2025 1:00:51 P. M. com.mycompany.sistemanominas.AppNominas main
ADVERTENCIA: opcion selecionada 9
abr 01, 2025 1:03:25 P. M. com.mycompany.sistemanominas.AppNominas main
ADVERTENCIA: opcion selecionada 10
abr 01, 2025 1:03:47 P. M. com.mycompany.sistemanominas.AppNominas main
ADVERTENCIA: opcion selecionada 6
abr 01, 2025 1:04:07 P. M. com.mycompany.sistemanominas.AppNominas main
ADVERTENCIA: opcion selecionada 0
abr 01, 2025 1:04:50 P. M. com.mycompany.sistemanominas.AppNominas main
ADVERTENCIA: opcion selecionada 10
abr 01, 2025 1:05:15 P. M. com.mycompany.sistemanominas.AppNominas main
ADVERTENCIA: opcion selecionada 6
abr 01, 2025 1:06:04 P. M. com.mycompany.sistemanominas.AppNominas main
ADVERTENCIA: opcion selecionada 9
abr 01, 2025 1:08:38 P. M. com.mycompany.sistemanominas.AppNominas main
ADVERTENCIA: opcion selecionada 0
abr 01, 2025 1:10:28 P. M. com.mycompany.sistemanominas.AppNominas main
ADVERTENCIA: opcion selecionada 10
abr 01, 2025 1:11:25 P. M. com.mycompany.sistemanominas.AppNominas main
ADVERTENCIA: opcion selecionada 6
abr 01, 2025 1:11:57 P. M. com.mycompany.sistemanominas.AppNominas main
ADVERTENCIA: opcion selecionada 9
abr 01, 2025 1:14:31 P. M. com.mycompany.sistemanominas.AppNominas main
ADVERTENCIA: opcion selecionada 0
abr 01, 2025 1:14:47 P. M. com.mycompany.sistemanominas.AppNominas main
ADVERTENCIA: opcion selecionada 10
abr 01, 2025 1:15:37 P. M. com.mycompany.sistemanominas.AppNominas main
ADVERTENCIA: opcion selecionada 6
abr 01, 2025 1:21:05 P. M. com.mycompany.sistemanominas.AppNominas main
ADVERTENCIA: opcion selecionada 0
abr 01, 2025 1:21:34 P. M. com.mycompany.sistemanominas.AppNominas main
ADVERTENCIA: opcion selecionada 1
abr 01, 2025 1:22:10 P. M. com.mycompany.sistemanominas.AppNominas main
ADVERTENCIA: opcion selecionada 1
abr 01, 2025 1:22:34 P. M. com.mycompany.sistemanominas.AppNominas main
ADVERTENCIA: opcion selecionada 2
abr 01, 2025 1:23:04 P. M. com.mycompany.sistemanominas.AppNominas main
ADVERTENCIA: opcion selecionada 6
abr 01, 2025 1:23:19 P. M. com.mycompany.sistemanominas.AppNominas main
ADVERTENCIA: opcion selecionada 9
abr 01, 2025 1:23:48 P. M. com.mycompany.sistemanominas.AppNominas main
ADVERTENCIA: opcion selecionada 0
abr 01, 2025 1:24:04 P. M. com.mycompany.sistemanominas.AppNominas main
ADVERTENCIA: opcion selecionada 10
abr 01, 2025 1:24:16 P. M. com.mycompany.sistemanominas.AppNominas main
ADVERTENCIA: opcion selecionada 6
abr 01, 2025 1:24:26 P. M. com.mycompany.sistemanominas.AppNominas main
ADVERTENCIA: opcion selecionada 9
abr 01, 2025 1:25:42 P. M. com.mycompany.sistemanominas.AppNominas main
ADVERTENCIA: opcion selecionada 0
abr 01, 2025 1:26:09 P. M. com.mycompany.sistemanominas.AppNominas main
ADVERTENCIA: opcion selecionada 10
abr 01, 2025 1:26:18 P. M. com.mycompany.sistemanominas.AppNominas main
ADVERTENCIA: opcion selecionada 9
abr 01, 2025 1:26:33 P. M. com.mycompany.sistemanominas.AppNominas main
ADVERTENCIA: opcion selecionada 6
abr 01, 2025 1:26:51 P. M. com.mycompany.sistemanominas.AppNominas main
ADVERTENCIA: opcion selecionada 0
abr 01, 2025 1:27:08 P. M. com.mycompany.sistemanominas.AppNominas main
ADVERTENCIA: opcion selecionada 10
abr 01, 2025 1:27:32 P. M. com.mycompany.sistemanominas.AppNominas main
ADVERTENCIA: opcion selecionada 5
abr 01, 2025 1:42:14 P. M. com.mycompany.sistemanominas.AppNominas main
ADVERTENCIA: opcion selecionada 0
abr 01, 2025 1:42:46 P. M. com.mycompany.sistemanominas.AppNominas main
ADVERTENCIA: opcion selecionada 9
abr 01, 2025 1:43:56 P. M. com.mycompany.sistemanominas.AppNominas main
ADVERTENCIA: opcion selecionada 10
abr 01, 2025 1:44:19 P. M. com.mycompany.sistemanominas.AppNominas main
ADVERTENCIA: opcion selecionada 9
abr 01, 2025 1:44:50 P. M. com.mycompany.sistemanominas.AppNominas main
ADVERTENCIA: opcion selecionada 0
abr 01, 2025 1:45:10 P. M. com.mycompany.sistemanominas.AppNominas main
ADVERTENCIA: opcion selecionada 10
abr 01, 2025 1:45:24 P. M. com.mycompany.sistemanominas.AppNominas main
ADVERTENCIA: opcion selecionada 6
abr 01, 2025 1:45:57 P. M. com.mycompany.sistemanominas.AppNominas main
ADVERTENCIA: opcion selecionada 0
abr 06, 2025 11:00:14 A. M. com.mycompany.sistemanominas.AppNominas main
WARNING: opcion selecionada 1
abr 06, 2025 11:00:42 A. M. com.mycompany.sistemanominas.AppNominas main
WARNING: opcion selecionada 2
abr 06, 2025 11:01:27 A. M. com.mycompany.sistemanominas.AppNominas main
WARNING: opcion selecionada 3
abr 06, 2025 11:02:09 A. M. com.mycompany.sistemanominas.AppNominas main
WARNING: opcion selecionada 6
abr 06, 2025 11:03:12 A. M. com.mycompany.sistemanominas.AppNominas main
WARNING: opcion selecionada 0
may 04, 2025 8:21:46 P. M. com.mycompany.sistemanominas.AppNominas main
WARNING: opcion selecionada 1
may 04, 2025 8:25:29 P. M. com.mycompany.sistemanominas.AppNominas main
WARNING: opcion selecionada 2
may 04, 2025 8:26:28 P. M. com.mycompany.sistemanominas.AppNominas main
WARNING: opcion selecionada 9
may 04, 2025 8:31:21 P. M. com.mycompany.sistemanominas.AppNominas main
WARNING: opcion selecionada 0
may 04, 2025 8:32:56 P. M. com.mycompany.sistemanominas.AppNominas main
WARNING: opcion selecionada 10
may 04, 2025 8:33:06 P. M. com.mycompany.sistemanominas.modelo.Empleado <init>
WARNING: Dni introducido, no válido 23456789M
may 04, 2025 8:33:06 P. M. com.mycompany.sistemanominas.dao.EmpleadoCsv listar
WARNING: com.mycompany.sistemanominas.modelo.DniException: Dni incorrecto:23456789M
may 04, 2025 8:33:06 P. M. com.mycompany.sistemanominas.dao.EmpleadoCsv listar
SEVERE: null
com.mycompany.sistemanominas.modelo.DniException: Dni incorrecto:23456789M
	at com.mycompany.sistemanominas.modelo.Empleado.<init>(Empleado.java:54)
	at com.mycompany.sistemanominas.modelo.EmpleadoFijo.<init>(EmpleadoFijo.java:41)
	at com.mycompany.sistemanominas.dao.EmpleadoCsv.listar(EmpleadoCsv.java:99)
	at com.mycompany.sistemanominas.modelo.SistemaNominas.cargarEmpleados(SistemaNominas.java:192)
	at com.mycompany.sistemanominas.AppNominas.main(AppNominas.java:238)

may 04, 2025 8:33:23 P. M. com.mycompany.sistemanominas.AppNominas main
WARNING: opcion selecionada 5
may 04, 2025 8:34:12 P. M. com.mycompany.sistemanominas.AppNominas main
WARNING: opcion selecionada 0
may 04, 2025 8:34:40 P. M. com.mycompany.sistemanominas.AppNominas main
WARNING: opcion selecionada 10
may 04, 2025 8:34:50 P. M. com.mycompany.sistemanominas.modelo.Empleado <init>
WARNING: Dni introducido, no válido 23456789M
may 04, 2025 8:34:50 P. M. com.mycompany.sistemanominas.dao.EmpleadoCsv listar
WARNING: com.mycompany.sistemanominas.modelo.DniException: Dni incorrecto:23456789M
may 04, 2025 8:34:50 P. M. com.mycompany.sistemanominas.dao.EmpleadoCsv listar
SEVERE: null
com.mycompany.sistemanominas.modelo.DniException: Dni incorrecto:23456789M
	at com.mycompany.sistemanominas.modelo.Empleado.<init>(Empleado.java:54)
	at com.mycompany.sistemanominas.modelo.EmpleadoFijo.<init>(EmpleadoFijo.java:41)
	at com.mycompany.sistemanominas.dao.EmpleadoCsv.listar(EmpleadoCsv.java:99)
	at com.mycompany.sistemanominas.modelo.SistemaNominas.cargarEmpleados(SistemaNominas.java:192)
	at com.mycompany.sistemanominas.AppNominas.main(AppNominas.java:238)

may 04, 2025 8:35:02 P. M. com.mycompany.sistemanominas.AppNominas main
WARNING: opcion selecionada 5
may 04, 2025 8:35:27 P. M. com.mycompany.sistemanominas.AppNominas main
WARNING: opcion selecionada 0
may 04, 2025 8:38:21 P. M. com.mycompany.sistemanominas.AppNominas main
WARNING: opcion selecionada 10
may 04, 2025 8:38:32 P. M. com.mycompany.sistemanominas.modelo.Empleado <init>
WARNING: Dni introducido, no válido 23456789M
may 04, 2025 8:38:32 P. M. com.mycompany.sistemanominas.dao.EmpleadoCsv listar
WARNING: com.mycompany.sistemanominas.modelo.DniException: Dni incorrecto:23456789M
may 04, 2025 8:38:32 P. M. com.mycompany.sistemanominas.dao.EmpleadoCsv listar
SEVERE: null
com.mycompany.sistemanominas.modelo.DniException: Dni incorrecto:23456789M
	at com.mycompany.sistemanominas.modelo.Empleado.<init>(Empleado.java:54)
	at com.mycompany.sistemanominas.modelo.EmpleadoFijo.<init>(EmpleadoFijo.java:41)
	at com.mycompany.sistemanominas.dao.EmpleadoCsv.listar(EmpleadoCsv.java:99)
	at com.mycompany.sistemanominas.modelo.SistemaNominas.cargarEmpleados(SistemaNominas.java:192)
	at com.mycompany.sistemanominas.AppNominas.main(AppNominas.java:238)

may 04, 2025 8:41:43 P. M. com.mycompany.sistemanominas.AppNominas main
WARNING: opcion selecionada 0
may 04, 2025 8:42:08 P. M. com.mycompany.sistemanominas.AppNominas main
WARNING: opcion selecionada 5
may 04, 2025 8:42:35 P. M. com.mycompany.sistemanominas.AppNominas main
WARNING: opcion selecionada 9
may 04, 2025 8:43:46 P. M. com.mycompany.sistemanominas.AppNominas main
WARNING: opcion selecionada 10
may 04, 2025 8:43:54 P. M. com.mycompany.sistemanominas.modelo.Empleado <init>
WARNING: Dni introducido, no válido 23456789M
may 04, 2025 8:43:54 P. M. com.mycompany.sistemanominas.dao.EmpleadoCsv listar
WARNING: com.mycompany.sistemanominas.modelo.DniException: Dni incorrecto:23456789M
may 04, 2025 8:43:54 P. M. com.mycompany.sistemanominas.dao.EmpleadoCsv listar
SEVERE: null
com.mycompany.sistemanominas.modelo.DniException: Dni incorrecto:23456789M
	at com.mycompany.sistemanominas.modelo.Empleado.<init>(Empleado.java:54)
	at com.mycompany.sistemanominas.modelo.EmpleadoFijo.<init>(EmpleadoFijo.java:41)
	at com.mycompany.sistemanominas.dao.EmpleadoCsv.listar(EmpleadoCsv.java:99)
	at com.mycompany.sistemanominas.modelo.SistemaNominas.cargarEmpleados(SistemaNominas.java:192)
	at com.mycompany.sistemanominas.AppNominas.main(AppNominas.java:238)

may 04, 2025 8:44:21 P. M. com.mycompany.sistemanominas.AppNominas main
WARNING: opcion selecionada 5
may 04, 2025 8:44:49 P. M. com.mycompany.sistemanominas.AppNominas main
WARNING: opcion selecionada 1
may 04, 2025 8:45:33 P. M. com.mycompany.sistemanominas.modelo.Empleado <init>
WARNING: Dni introducido, no válido 23456789M
may 04, 2025 8:45:33 P. M. com.mycompany.sistemanominas.AppNominas main
WARNING: DNI introducido no válido : 23456789M
may 04, 2025 8:47:40 P. M. com.mycompany.sistemanominas.AppNominas main
WARNING: opcion selecionada 0
may 04, 2025 8:48:13 P. M. com.mycompany.sistemanominas.AppNominas main
WARNING: opcion selecionada 10
may 04, 2025 8:48:34 P. M. com.mycompany.sistemanominas.AppNominas main
WARNING: opcion selecionada 9
may 04, 2025 8:48:50 P. M. com.mycompany.sistemanominas.AppNominas main
WARNING: opcion selecionada 9
may 04, 2025 8:49:06 P. M. com.mycompany.sistemanominas.AppNominas main
WARNING: opcion selecionada 9
may 04, 2025 8:49:22 P. M. com.mycompany.sistemanominas.AppNominas main
WARNING: opcion selecionada 5
may 04, 2025 8:49:26 P. M. com.mycompany.sistemanominas.AppNominas main
WARNING: opcion selecionada 0
may 07, 2025 11:52:32 A. M. com.mycompany.sistemanominas.modelo.Empleado <init>
ADVERTENCIA: Dni introducido, no válido 123657
may 07, 2025 11:52:33 A. M. com.mycompany.sistemanominas.vista.Ventana mItemNuevoActionPerformed
GRAVE: null
com.mycompany.sistemanominas.modelo.DniException: Dni incorrecto:123657
	at com.mycompany.sistemanominas.modelo.Empleado.<init>(Empleado.java:54)
	at com.mycompany.sistemanominas.modelo.EmpleadoFijo.<init>(EmpleadoFijo.java:41)
	at com.mycompany.sistemanominas.controlador.Controlador.crearEmpleado(Controlador.java:70)
	at com.mycompany.sistemanominas.vista.Ventana.mItemNuevoActionPerformed(Ventana.java:406)
	at com.mycompany.sistemanominas.vista.Ventana$11.actionPerformed(Ventana.java:313)
	at java.desktop/javax.swing.AbstractButton.fireActionPerformed(AbstractButton.java:1972)
	at java.desktop/javax.swing.AbstractButton$Handler.actionPerformed(AbstractButton.java:2314)
	at java.desktop/javax.swing.DefaultButtonModel.fireActionPerformed(DefaultButtonModel.java:407)
	at java.desktop/javax.swing.DefaultButtonModel.setPressed(DefaultButtonModel.java:262)
	at java.desktop/javax.swing.AbstractButton.doClick(AbstractButton.java:374)
	at java.desktop/javax.swing.plaf.basic.BasicMenuItemUI.doClick(BasicMenuItemUI.java:1029)
	at java.desktop/javax.swing.plaf.basic.BasicMenuItemUI$Handler.mouseReleased(BasicMenuItemUI.java:1073)
	at java.desktop/java.awt.Component.processMouseEvent(Component.java:6621)
	at java.desktop/javax.swing.JComponent.processMouseEvent(JComponent.java:3398)
	at java.desktop/java.awt.Component.processEvent(Component.java:6386)
	at java.desktop/java.awt.Container.processEvent(Container.java:2266)
	at java.desktop/java.awt.Component.dispatchEventImpl(Component.java:4996)
	at java.desktop/java.awt.Container.dispatchEventImpl(Container.java:2324)
	at java.desktop/java.awt.Component.dispatchEvent(Component.java:4828)
	at java.desktop/java.awt.LightweightDispatcher.retargetMouseEvent(Container.java:4948)
	at java.desktop/java.awt.LightweightDispatcher.processMouseEvent(Container.java:4575)
	at java.desktop/java.awt.LightweightDispatcher.dispatchEvent(Container.java:4516)
	at java.desktop/java.awt.Container.dispatchEventImpl(Container.java:2310)
	at java.desktop/java.awt.Window.dispatchEventImpl(Window.java:2780)
	at java.desktop/java.awt.Component.dispatchEvent(Component.java:4828)
	at java.desktop/java.awt.EventQueue.dispatchEventImpl(EventQueue.java:775)
	at java.desktop/java.awt.EventQueue$4.run(EventQueue.java:720)
	at java.desktop/java.awt.EventQueue$4.run(EventQueue.java:714)
	at java.base/java.security.AccessController.doPrivileged(AccessController.java:400)
	at java.base/java.security.ProtectionDomain$JavaSecurityAccessImpl.doIntersectionPrivilege(ProtectionDomain.java:87)
	at java.base/java.security.ProtectionDomain$JavaSecurityAccessImpl.doIntersectionPrivilege(ProtectionDomain.java:98)
	at java.desktop/java.awt.EventQueue$5.run(EventQueue.java:747)
	at java.desktop/java.awt.EventQueue$5.run(EventQueue.java:745)
	at java.base/java.security.AccessController.doPrivileged(AccessController.java:400)
	at java.base/java.security.ProtectionDomain$JavaSecurityAccessImpl.doIntersectionPrivilege(ProtectionDomain.java:87)
	at java.desktop/java.awt.EventQueue.dispatchEvent(EventQueue.java:744)
	at java.desktop/java.awt.EventDispatchThread.pumpOneEventForFilters(EventDispatchThread.java:203)
	at java.desktop/java.awt.EventDispatchThread.pumpEventsForFilter(EventDispatchThread.java:124)
	at java.desktop/java.awt.EventDispatchThread.pumpEventsForHierarchy(EventDispatchThread.java:113)
	at java.desktop/java.awt.EventDispatchThread.pumpEvents(EventDispatchThread.java:109)
	at java.desktop/java.awt.EventDispatchThread.pumpEvents(EventDispatchThread.java:101)
	at java.desktop/java.awt.EventDispatchThread.run(EventDispatchThread.java:90)

may 14, 2025 11:44:40 A. M. com.mycompany.sistemanominas.modelo.Empleado <init>
ADVERTENCIA: Dni introducido, no válido 
may 14, 2025 11:44:40 A. M. com.mycompany.sistemanominas.controlador.Controlador modificarEmpleado
ADVERTENCIA: Dni incorrecto:
may 14, 2025 6:08:44 P. M. com.mycompany.sistemanominas.modelo.Empleado <init>
WARNING: Dni introducido, no válido 123456789I
may 14, 2025 6:08:50 P. M. com.mycompany.sistemanominas.controlador.Controlador crearEmpleado
WARNING: Dni incorrecto:123456789I
may 14, 2025 6:09:03 P. M. com.mycompany.sistemanominas.modelo.Empleado <init>
WARNING: Dni introducido, no válido 123456789Z
may 14, 2025 6:09:05 P. M. com.mycompany.sistemanominas.controlador.Controlador crearEmpleado
WARNING: Dni incorrecto:123456789Z
jun 11, 2025 8:53:34 A. M. com.mycompany.sistemanominas.controlador.Controlador buscarEmpleado
ADVERTENCIA: No existe el empleado
